Information: Propagating switching activity (low effort zero delay simulation). (PWR-6)
Warning: Design has unannotated primary inputs. (PWR-414)
Warning: Design has unannotated sequential cell outputs. (PWR-415)
 
****************************************
Report : power
        -analysis_effort low
Design : ece581_ip_top
Version: Q-2019.12-SP3
Date   : Fri Mar 22 14:40:27 2024
****************************************


Library(s) Used:

    saed32hvt_ff1p16v125c (File: /pkgs/synopsys/2016/libs/SAED32_EDK/lib/stdcell_hvt/db_nldm/saed32hvt_ff1p16v125c.db)
    saed32hvt_ff0p85v125c (File: /pkgs/synopsys/2016/libs/SAED32_EDK/lib/stdcell_hvt/db_nldm/saed32hvt_ff0p85v125c.db)
    saed32hvt_ulvl_ff1p16v125c_i0p85v (File: /pkgs/synopsys/2016/libs/SAED32_EDK/lib/stdcell_hvt/db_nldm/saed32hvt_ulvl_ff1p16v125c_i0p85v.db)
    saed32hvt_dlvl_ff0p85v125c_i1p16v (File: /pkgs/synopsys/2016/libs/SAED32_EDK/lib/stdcell_hvt/db_nldm/saed32hvt_dlvl_ff0p85v125c_i1p16v.db)


Global Operating Voltage = 1.16 
Power-specific unit information :
    Voltage Units = 1V
    Capacitance Units = 1.000000ff
    Time Units = 1ns
    Dynamic Power Units = 1uW    (derived from V,C,T units)
    Leakage Power Units = 1pW


  Cell Internal Power  =  -1.9692 mW  (101%)
  Net Switching Power  =  14.8118 uW    (0%)
                         ---------
Total Dynamic Power    =  -1.9544 mW  (100%)

Cell Leakage Power     =   1.6804 mW


                 Internal         Switching           Leakage            Total
Power Group      Power            Power               Power              Power   (   %    )  Attrs
--------------------------------------------------------------------------------------------------
io_pad             0.0000            0.0000            0.0000            0.0000  (  -0.00%)
memory             0.0000            0.0000            0.0000            0.0000  (  -0.00%)
black_box          0.0000            0.0000            0.0000            0.0000  (  -0.00%)
clock_network      0.0000            0.0000            0.0000            0.0000  (  -0.00%)
register       -1.9198e+03            2.8683        9.3492e+08        -9.8205e+02
                                                                                 ( 358.41%)
sequential         0.0000            0.0000            0.0000            0.0000  (  -0.00%)
combinational  -4.9326e+01           11.9436        7.4543e+08          708.0482 ( -258.41%)
--------------------------------------------------------------------------------------------------
Total          -1.9692e+03 uW        14.8118 uW     1.6804e+09 pW     -2.7401e+02 uW
1
